<!DOCTYPE html>
<html lang="zh-cn-hans">
    <head>
        <meta charset="utf-8">
        <title>sugar</title>
        <meta http-equiv="X-UA-Compatible" content="IE=Edge">
        <meta name="viewport" content="width=device-width, initial-scale=1">
        <meta name="description" content="sugar-cli project">
        <!-- Place favicon.ico in the root directory -->
<link rel="stylesheet" href="../common/assets/normalize.css" >
</head>
<body>
    <!--[if lt IE 9]>
        <p class="browserupgrade">You are using an <strong>outdated</strong> browser. Please <a href="http://browsehappy.com/">upgrade your browser</a> to improve your experience.</p>
    <![endif]-->
    

<link rel="stylesheet" href="../common/components/header/header.css" >
<header class="am-header am-header-default">
    <div class="am-header-left am-header-nav">
        <a href="#left-link" class="">
            <i class="am-header-icon am-icon-home"></i>
        </a>
    </div>

    <h1 class="am-header-title">
        <a href="#title-link" class="">
            sugar
        </a>
    </h1>

    <div class="am-header-right am-header-nav">
        <a href="#right-link" class="">
            <i class="am-header-icon am-icon-bars"></i>
        </a>
    </div>
</header><link rel="stylesheet" href="assets/style/index.css" >
<div class="container">
    <h3>sugar prototyping development environment</h3>
</div>

</body>
</html>